// Jest Snapshot v1, https://goo.gl/fbAQLP

exports[`ConfirmDialogComponent should match snapshot 1`] = `
<div
  id="root1"
>
  <nb-card>
    <nb-card-body>
      <div
        class="card-body"
      >
        <nb-icon
          class="alert-icon status-warning"
          icon="alert-triangle-outline"
          status="warning"
        >
          <svg
            class="eva eva-alert-triangle-outline"
            fill="currentColor"
            height="100%"
            viewBox="0 0 24 24"
            width="100%"
            xmlns="http://www.w3.org/2000/svg"
          >
            <g
              data-name="Layer 2"
            >
              <g
                data-name="alert-triangle"
              >
                <rect
                  height="24"
                  opacity="0"
                  transform="rotate(90 12 12)"
                  width="24"
                />
                <path
                  d="M22.56 16.3L14.89 3.58a3.43 3.43 0 0 0-5.78 0L1.44 16.3a3 3 0 0 0-.05 3A3.37 3.37 0 0 0 4.33 21h15.34a3.37 3.37 0 0 0 2.94-1.66 3 3 0 0 0-.05-3.04zm-1.7 2.05a1.31 1.31 0 0 1-1.19.65H4.33a1.31 1.31 0 0 1-1.19-.65 1 1 0 0 1 0-1l7.68-12.73a1.48 1.48 0 0 1 2.36 0l7.67 12.72a1 1 0 0 1 .01 1.01z"
                />
                <circle
                  cx="12"
                  cy="16"
                  r="1"
                />
                <path
                  d="M12 8a1 1 0 0 0-1 1v4a1 1 0 0 0 2 0V9a1 1 0 0 0-1-1z"
                />
              </g>
            </g>
          </svg>
        </nb-icon>
        <h6
          class="message"
        >
          Desea continuar?
        </h6>
      </div>
    </nb-card-body>
    <nb-card-footer>
      <div
        class="card-footer"
      >
        <button
          aria-disabled="false"
          class="appearance-filled size-medium shape-rectangle status-danger"
          nbbutton=""
          status="danger"
          tabindex="0"
        >
          Cancelar
        </button>
        <button
          aria-disabled="false"
          class="status-success appearance-filled size-medium shape-rectangle"
          nbbutton=""
          status="success"
          tabindex="0"
        >
          Si
        </button>
      </div>
    </nb-card-footer>
  </nb-card>
</div>
`;
