// Jest Snapshot v1, https://goo.gl/fbAQLP

exports[`CurrentSlideComponent should match snapshot 1`] = `
<div
  id="root1"
  style="--zoom: 0.4;"
>
  <div
    class="current-slide-container"
  />
  <div
    class="top-options-container"
  >
    <div
      class="slide-name-container"
    >
      <button
        aria-disabled="false"
        class="appearance-ghost size-medium shape-round icon-start icon-end status-basic"
        ghost=""
        nbbutton=""
        shape="round"
        tabindex="0"
      >
        <nb-icon
          icon="edit-outline"
        >
          <svg
            class="eva eva-edit-outline"
            fill="currentColor"
            height="100%"
            viewBox="0 0 24 24"
            width="100%"
            xmlns="http://www.w3.org/2000/svg"
          >
            <g
              data-name="Layer 2"
            >
              <g
                data-name="edit"
              >
                <rect
                  height="24"
                  opacity="0"
                  width="24"
                />
                <path
                  d="M19.4 7.34L16.66 4.6A2 2 0 0 0 14 4.53l-9 9a2 2 0 0 0-.57 1.21L4 18.91a1 1 0 0 0 .29.8A1 1 0 0 0 5 20h.09l4.17-.38a2 2 0 0 0 1.21-.57l9-9a1.92 1.92 0 0 0-.07-2.71zM9.08 17.62l-3 .28.27-3L12 9.32l2.7 2.7zM16 10.68L13.32 8l1.95-2L18 8.73z"
                />
              </g>
            </g>
          </svg>
        </nb-icon>
      </button>
      <h6
        style="margin: 0;"
      >
        Inicio de presentaci√≥n
      </h6>
    </div>
    
    
    <button
      aria-disabled="false"
      class="appearance-ghost size-medium shape-round icon-start icon-end status-basic"
      ghost=""
      nbbutton=""
      shape="round"
      tabindex="0"
    >
      <nb-icon
        icon="color-palette-outline"
      >
        <svg
          class="eva eva-color-palette-outline"
          fill="currentColor"
          height="100%"
          viewBox="0 0 24 24"
          width="100%"
          xmlns="http://www.w3.org/2000/svg"
        >
          <g
            data-name="Layer 2"
          >
            <g
              data-name="color-palette"
            >
              <rect
                height="24"
                opacity="0"
                width="24"
              />
              <path
                d="M19.54 5.08A10.61 10.61 0 0 0 11.91 2a10 10 0 0 0-.05 20 2.58 2.58 0 0 0 2.53-1.89 2.52 2.52 0 0 0-.57-2.28.5.5 0 0 1 .37-.83h1.65A6.15 6.15 0 0 0 22 11.33a8.48 8.48 0 0 0-2.46-6.25zM15.88 15h-1.65a2.49 2.49 0 0 0-1.87 4.15.49.49 0 0 1 .12.49c-.05.21-.28.34-.59.36a8 8 0 0 1-7.82-9.11A8.1 8.1 0 0 1 11.92 4H12a8.47 8.47 0 0 1 6.1 2.48 6.5 6.5 0 0 1 1.9 4.77A4.17 4.17 0 0 1 15.88 15z"
              />
              <circle
                cx="12"
                cy="6.5"
                r="1.5"
              />
              <path
                d="M15.25 7.2a1.5 1.5 0 1 0 2.05.55 1.5 1.5 0 0 0-2.05-.55z"
              />
              <path
                d="M8.75 7.2a1.5 1.5 0 1 0 .55 2.05 1.5 1.5 0 0 0-.55-2.05z"
              />
              <path
                d="M6.16 11.26a1.5 1.5 0 1 0 2.08.4 1.49 1.49 0 0 0-2.08-.4z"
              />
            </g>
          </g>
        </svg>
      </nb-icon>
    </button>
  </div>
  
  <div
    class="zoom-buttons"
  >
    <button
      aria-disabled="false"
      class="appearance-outline size-medium shape-rectangle icon-start icon-end status-basic"
      nbbutton=""
      outline=""
      size="medium"
      tabindex="0"
    >
      <nb-icon
        icon="minimize-outline"
      >
        <svg
          class="eva eva-minimize-outline"
          fill="currentColor"
          height="100%"
          viewBox="0 0 24 24"
          width="100%"
          xmlns="http://www.w3.org/2000/svg"
        >
          <g
            data-name="Layer 2"
          >
            <g
              data-name="minimize"
            >
              <rect
                height="24"
                opacity="0"
                width="24"
              />
              <path
                d="M20.71 19.29l-3.4-3.39A7.92 7.92 0 0 0 19 11a8 8 0 1 0-8 8 7.92 7.92 0 0 0 4.9-1.69l3.39 3.4a1 1 0 0 0 1.42 0 1 1 0 0 0 0-1.42zM5 11a6 6 0 1 1 6 6 6 6 0 0 1-6-6z"
              />
              <path
                d="M13 10H9a1 1 0 0 0 0 2h4a1 1 0 0 0 0-2z"
              />
            </g>
          </g>
        </svg>
      </nb-icon>
    </button>
    <button
      aria-disabled="false"
      class="appearance-outline size-medium shape-rectangle icon-start icon-end status-basic"
      nbbutton=""
      outline=""
      size="medium"
      tabindex="0"
    >
      <nb-icon
        icon="maximize-outline"
      >
        <svg
          class="eva eva-maximize-outline"
          fill="currentColor"
          height="100%"
          viewBox="0 0 24 24"
          width="100%"
          xmlns="http://www.w3.org/2000/svg"
        >
          <g
            data-name="Layer 2"
          >
            <g
              data-name="maximize"
            >
              <rect
                height="24"
                opacity="0"
                width="24"
              />
              <path
                d="M20.71 19.29l-3.4-3.39A7.92 7.92 0 0 0 19 11a8 8 0 1 0-8 8 7.92 7.92 0 0 0 4.9-1.69l3.39 3.4a1 1 0 0 0 1.42 0 1 1 0 0 0 0-1.42zM5 11a6 6 0 1 1 6 6 6 6 0 0 1-6-6z"
              />
              <path
                d="M13 10h-1V9a1 1 0 0 0-2 0v1H9a1 1 0 0 0 0 2h1v1a1 1 0 0 0 2 0v-1h1a1 1 0 0 0 0-2z"
              />
            </g>
          </g>
        </svg>
      </nb-icon>
    </button>
  </div>
  
</div>
`;
