// Jest Snapshot v1, https://goo.gl/fbAQLP

exports[`PresentationViewComponent should match snapshot 1`] = `
<div
  id="root1"
>
  <div
    class="view-container"
  >
    <div
      class="slides-track"
      style="transform: translateX(0px);"
    >
      
      <div
        class="slide"
        style="--scale: 1;"
      />
    </div>
    <button
      class="next"
    >
      <nb-icon
        icon="arrow-forward"
        style="color: var(--color-primary-400); width: 50px; height: 50px;"
      >
        <svg
          class="eva eva-arrow-forward"
          fill="currentColor"
          height="100%"
          viewBox="0 0 24 24"
          width="100%"
          xmlns="http://www.w3.org/2000/svg"
        >
          <g
            data-name="Layer 2"
          >
            <g
              data-name="arrow-forward"
            >
              <rect
                height="24"
                opacity="0"
                transform="rotate(-90 12 12)"
                width="24"
              />
              <path
                d="M5 13h11.86l-3.63 4.36a1 1 0 0 0 1.54 1.28l5-6a1.19 1.19 0 0 0 .09-.15c0-.05.05-.08.07-.13A1 1 0 0 0 20 12a1 1 0 0 0-.07-.36c0-.05-.05-.08-.07-.13a1.19 1.19 0 0 0-.09-.15l-5-6A1 1 0 0 0 14 5a1 1 0 0 0-.64.23 1 1 0 0 0-.13 1.41L16.86 11H5a1 1 0 0 0 0 2z"
              />
            </g>
          </g>
        </svg>
      </nb-icon>
    </button>
    <button
      class="previous"
    >
      <nb-icon
        icon="arrow-back"
        style="color: var(--color-primary-400); width: 50px; height: 50px;"
      >
        <svg
          class="eva eva-arrow-back"
          fill="currentColor"
          height="100%"
          viewBox="0 0 24 24"
          width="100%"
          xmlns="http://www.w3.org/2000/svg"
        >
          <g
            data-name="Layer 2"
          >
            <g
              data-name="arrow-back"
            >
              <rect
                height="24"
                opacity="0"
                transform="rotate(90 12 12)"
                width="24"
              />
              <path
                d="M19 11H7.14l3.63-4.36a1 1 0 1 0-1.54-1.28l-5 6a1.19 1.19 0 0 0-.09.15c0 .05 0 .08-.07.13A1 1 0 0 0 4 12a1 1 0 0 0 .07.36c0 .05 0 .08.07.13a1.19 1.19 0 0 0 .09.15l5 6A1 1 0 0 0 10 19a1 1 0 0 0 .64-.23 1 1 0 0 0 .13-1.41L7.14 13H19a1 1 0 0 0 0-2z"
              />
            </g>
          </g>
        </svg>
      </nb-icon>
    </button>
  </div>
</div>
`;
